// Jest Snapshot v1, https://goo.gl/fbAQLP

exports[`TodoListItem testing renders correctly 1`] = `
<View
  style={
    Object {
      "alignItems": "center",
      "paddingHorizontal": 15,
      "width": "100%",
    }
  }
  testID="TodoListItem"
>
  <View
    accessible={true}
    collapsable={false}
    focusable={true}
    onBlur={[Function]}
    onClick={[Function]}
    onFocus={[Function]}
    onResponderGrant={[Function]}
    onResponderMove={[Function]}
    onResponderRelease={[Function]}
    onResponderTerminate={[Function]}
    onResponderTerminationRequest={[Function]}
    onStartShouldSetResponder={[Function]}
    style={
      Object {
        "alignItems": "center",
        "backgroundColor": "pink",
        "borderColor": "brown",
        "borderRadius": 16,
        "borderWidth": 2,
        "flexDirection": "row",
        "height": 50,
        "justifyContent": "space-between",
        "marginTop": 8,
        "paddingHorizontal": 8,
      }
    }
    testID="CompleteTodoButton"
  >
    <View
      style={
        Object {
          "flex": 1,
        }
      }
    >
      <Text
        numberOfLines={2}
      >
        Test Todo
      </Text>
    </View>
    <View
      style={
        Array [
          Object {
            "borderRadius": 8,
            "height": 20,
            "width": 20,
          },
          Object {
            "backgroundColor": "red",
          },
        ]
      }
      testID="TodoListItemTick"
    />
  </View>
</View>
`;
