// Jest Snapshot v1, https://goo.gl/fbAQLP

exports[`TodoFooter testing renders correctly 1`] = `
<View
  onLayout={[Function]}
  style={
    Array [
      Object {
        "width": "100%",
      },
      Object {
        "paddingBottom": 0,
      },
    ]
  }
>
  <View
    style={
      Object {
        "paddingHorizontal": 15,
      }
    }
  >
    <TextInput
      onChangeText={[Function]}
      placeholder="todo"
      style={
        Object {
          "borderColor": "black",
          "borderRadius": 25,
          "borderWidth": 1,
          "height": 50,
          "paddingHorizontal": 8,
          "textAlign": "center",
          "width": "100%",
        }
      }
      value=""
    />
  </View>
  <View
    accessible={true}
    collapsable={false}
    focusable={true}
    onBlur={[Function]}
    onClick={[Function]}
    onFocus={[Function]}
    onResponderGrant={[Function]}
    onResponderMove={[Function]}
    onResponderRelease={[Function]}
    onResponderTerminate={[Function]}
    onResponderTerminationRequest={[Function]}
    onStartShouldSetResponder={[Function]}
    style={
      Object {
        "alignItems": "center",
        "backgroundColor": "pink",
        "borderRadius": 25,
        "height": 50,
        "justifyContent": "center",
        "marginHorizontal": 15,
        "marginTop": 8,
      }
    }
    testID="AddTodoButton"
  >
    <Text>
      Add Todo
    </Text>
  </View>
</View>
`;
